sudo yum install git -y
sudo amazon-linux-extras install java-openjdk11
yum install docker -y
sudo  yum install jenkins -y
sudo rpm --import https://pkg.jenkins.io/redhat-stable/jenkins.io-2023.key
sudo  yum install jenkins -y
sudo wget -O /etc/yum.repos.d/jenkins.repo https://pkg.jenkins.io/redhat-stable/jenkins.repo
sudo  yum install jenkins -y
systemctl start jenkīns
systemctl status jenkins
systemctl restart jenkins
systemctl start docker
systemctl status docker
clear
docker pull busybox
docker images
docker pull ubuntu
docker images
docker run ubuntu
docker ps -a
systemctl status docker
docker images
docker run it --name cont2 vubuntu
docker run -it --name cont2 ubuntu
jenkins --version
systemtl restart jenkins
sudo yum update
sudo  yum install jenkins -y
systemctl start jenkins
cat /var/lib/jenkins/secrets/initialAdminPassword
cd /var/lib/Jenkins/workspace/Maven_proj1_QApackage/multi-module/webapp/target
cd /var/lib/jenkins
ls
cd workspace/
ls
cd Maven_Project1_QApackae/
ls
cd addressbook.war
cat multistagedockerfile 
cat webapps
cd ..
cd
cd /var/lib/jenkins
ls
cd workspace/
ls
cd Maven_Project1_QApackae/
ls
pwd
ls
cd target/
cd ..
cd target
ls
pwd
cd ..
ls
cd
cd /var/lib/jenkins
cd workspace
cd package
pwd
ls
cd multi-module
ls
cd webapp
ls
cd target
pwd
ls
sudo vi sudo
sudo visudo
cd
sudo visudo
jenkins ALL=(ALL) NOPASSWD: ALL
sudo visudo jenkins ALL=(ALL) NOPASSWD: ALL
systemctl start jenkins
cd /var/lib/Jenkins/workspace/Maven_proj1_QApackage/multi-module/webapp/target
cd /var/lib/jenkins/workspace/Maven_Project1_QApackae/target/
ls 
cd
cd var
cd var/lib/jenkins/
cd /var/lib/jenkins/
lsl
s 
ls
cd workspace/
ls
cd Maven_Project1_QApackae/
ls
cd ..
cd Maven_Project1_Code_Review/
ls
cd 
cd /opt/
cd tomcat/
cd /tomcat/
cd ..
yum install tomcat
sudo groupadd tomcat
cd /tmp/
ls -l
cd tomcat/
cd /opt/
cd /tomcat/
ls 
sudo useradd -s /bin/false -g tomcat -d /opt/tomcat tomcat
cd /tomcat/
exit
systemctl start jenkins
cd /tmp/
wget https://downloads.apache.org/tomcat/tomcat-9/v9.0.78/bin/apache-tomcat-9.0.78.tar.gz.asc
ls -l
cd opt/
cd /opt/
ls
cd ..
ls
cd /tmp/
ls
cd /tomcat/
cd/tomcat/
cd tomcat/
cd ..
wget https://github.com/lerndevops/code/raw/main/jdk-8u331-linux-x64.tar.gz -P /tmp
wget https://github.com/lerndevops/code/raw/main/apache-tomcat-9.0.63.tar.gz -P /tmp 
wget https://get.jenkins.io/war-stable/2.332.3/jenkins.war -P /tmp
tar -xzf /tmp/jdk-8u331-linux-x64.tar.gz -C /opt
mv /opt/jdk1.8.0_331 /opt/java
tar -xzf /tmp/apache-tomcat-9.0.63.tar.gz -C /opt
mv /opt/apache-tomcat-9.0.63 /opt/tomcat
sudo echo "JAVA_HOME=\"/opt/java\"" >> /etc/profile 
sudo echo "PATH=\$JAVA_HOME/bin:\$PATH" >> /etc/profile
source /etc/profile
mv /tmp/jenkins.war /opt/tomcat/webapps/
/opt/tomcat/bin/startup.sh
ps -ef|grep tomcat
Cd /opt/
cd /opt/
ls 
cd /tomcat/
cd tomcat/
ls
CD ..
cd ..
cd /var/lib/jenkins/workspace/
ls 
cd Deploy1/
ls
cd Maven_Project1_QApackae/
cd ..
]# cd Maven_Project1_QApackae/
ls 
]# cd Maven_Project1_QApackae/
cd Maven_Project1_QApackae/
ls 
cd 
sudo visudo
sysyemctl restart jenkins
systemctl restart jenkins
systemctl status jenkins
java --version
java -version
cd opt
cd /opt
ls
cd tomcat
ls
cd bin/
ls
./startup.sh
systemctl start jenkins
ls
cd tomcat
cd /opt
ls
cd tomcat/
ls
cd conf/
ls
sudo nano server.xml 
cd
systemctl status tomcat
systemctl start tomcat
./startup.sh
cd /opt
./startup.sh
cd tomcat/
cd conf/
./startup.sh
cd ..
./startup.sh
./catalina.sh start
sudo sh startup.sh 
cd
cd /opt/tomcat
./startup.sh
ls
catalina.sh start
sudo systemctl daemon-reload
sudo systemctl start tomcat.service
sudo systemctl start tomcat
sudo apt-cache search tomcat
cd ..
sudo apt-cache search tomcat
cd
sudo apt-cache search tomcat
ss -ltn
sudo ufw allow from any to any port 8090 proto tcp
sudo yum install tomcat9 tomcat9-admin -y
yum install tomcat
sudo apt-cache search tomcat
sudo yum-cache search tomcat
sudo systemctl start tomcat.service
sudo systemctl start tomcat
sudo systemctl status tomcat
cd /opt/tomcat

cd conf/
ls
sudo nano server.xml 
systemctl restart tomcat
sudo systemctl stop tomcat.service
sudo systemctl start tomcat.service
ls
sudo nano server.xml 
sudo systemctl stop tomcat.service
sudo systemctl start tomcat.service
systemctl start tomcat
systemctl stop tomcat
systemctl start tomcat
sudo systemctl start tomcat.service
ss -ltn
cd ..
ls
cd conf/
ls
cd tomcat-users.xml
cd server.xml
cd ..
ls
cd conf/
ls
sudo nano tomcat-users.xml
sudo nano server.xml 
systemctl start tomcat
systemctl restart tomcat
systemctl status tomcat
cd /opt/tomcat/webapps/
ls
cd ..
cd conf/
ls
nano server.xml 
cd ../bin/
./startup.sh 
./shutdown.sh 
./startup.sh 
./shutdown.sh 
./startup.sh 
clear
curl -s ifconfig.me
curl localhost:8089
./shutdown.sh 
./startup.sh 
curl localhost:8089
ls
mkdir p1
cd p1
git init
git checkout -b new
vi k1
git add .
git commit -m "k12"
git log
git checkou master
git checkout master
vi 21k
git add .
git commit -m "hfjhg"
git log
git branch new
git checkout new
git log
git checkout master
git merge neq
git merge new
systemctl restart jenkins
git pull https://github.com/fazbh2/test.git
mkdir
mkdir git
cd git
git init
git pull https://github.com/fazbh2/test.git
vim swagger.JSON
vim swagger.JSON 
clear
git checkout -b feature/swagger_endpoints 
git branch
git add src/ swagger.json pom.xml
git checkout master
git branch -D feature/swagger_endpoints 
clear
git status
clear
git add.
clear
git add .
gitstatus
git status
git reser HEAD
git reset HEAD
git status
#!binbash vim swagger.JSON 
binbash vim swagger.JSON 
git pull https://github.com/fazbh2/Pet-catalog-api.git
ls
cd
git pull https://github.com/fazbh2/Pet-catalog-api.git
git init
git pull https://github.com/fazbh2/Pet-catalog-api.git
clear
cd
clear
ls
rm git p1
rmdir git p1
ls
git rm git p1
ls
rm p1
clear
git branch
git init
clear
git branch
cd git
git branch
clear
git branch
ls
cd git/
git init
 touc 1.txt
touch 1.txt
touch 2.txt
touch 7.txt
git add .; git commit -m "rebase"
git status
touvh 99.txt
touch 99.txt
git add .; git commit -m "rebase"
touch 66.txt
git add .; git commit -m "rebase"
touxh 88.txt
tocxh 88.txt
touch 88.txt
git add .; git commit -m "rebase"
touch 8888.txt
git add .; git commit -m "rebase"
clear
git log
git rebase -i  55a005ce534964d5c3fa259bdfa3f7ef5fd6cd34
git log
git rebase -i c4855ec3873e214e8894631e989016d9e164874a
vi gg
git add .; git commit -m "rebase"
vi gggg
git add .; git commit -m "rebase"
vi rfedwsqa
git add .; git commit -m "rebase"
clear
git status
git rebase --abort
git status
clear
git log
touvh hh.txt
touch hh.txt
git add .; git commit -m "rebase"
touch jjjj.txt
git add .; git commit -m "rebase"
clear
git log
touch jjjoiiuiuioiuj.txt
git add .; git commit -m "rebase"
touch jjjoiiuiuuj.txt
git add .; git commit -m "rebase"
touch jjjoiiuiuujuoiuoouioui.txt
git add .; git commit -m "rebase"
clear
git log
git rebase -i 377193a6f76b098fb4094590c9ebd3a17efdb183
git log
ls
gir rm -all
git rm -all
ls
git rm 1.txt 7.txt 99.txt 2.txt  jjjj.txt jjjoiiuiuujuoiuoouioui.txt  jjjoiiuiuuj.txt 
ls
git rm 66.txt  8888.txt  88.txt  hh.txt  jjjoiiuiuioiuj.txt
ls
touch 1.txt
git add .; git commit -m "rebase"
ls
touch 2.txt
git add .; git commit -m "rebase"
touch 3.txt
git add .; git commit -m "rebase"
touch 4.txt
git add .; git commit -m "rebase"
touch 5.txt
git add .; git commit -m "rebase"
touch 6.txt
git add .; git commit -m "rebase"
clear
git log
touch 68.txt
git add .; git commit -m "rebase"
git log
git rebase -i b22212dc324cf7f7548f89d172a6a969735d000c
git log
clear
git pull origin https://github.com/fazbh2/Kashmir.git
git pull origin master https://github.com/fazbh2/Kashmir.git
git branch -b empty
git branch
git branch empty
git checkout empty
git pull origin master https://github.com/fazbh2/Kashmir.git
git pull origin master https://github.com/fazbh2/commclassroomOP.git
git branch
git clone 
    rebase
    merge
commit b22212dc324cf7f7548f89d172a6a969735d000c
Author: root <root@ip-172-31-31-148.us-east-2.compute.internal>
Date:   Mon Jul 17 08:21:11 2023 +0000
    rebase
commit c0ddeff856e6e478955d3c569b695d85c4821d8a
Author: root <root@ip-172-31-31-148.us-east-2.compute.internal>
Date:   Mon Jul 17 08:20:59 2023 +0000
    rebase
commit a89c9fde33e8ff15d704578970407d42e51cbec4
[10]+  Stopped                 git log
[root@ip-172-31-31-148 git]# clear
[root@ip-172-31-31-148 git]# git pull origin https://github.com/fazbh2/Kashmir.git
fatal: invalid refspec 'https://github.com/fazbh2/Kashmir.git'
[root@ip-172-31-31-148 git]# git pull origin master https://github.com/fazbh2/Kashmir.git
fatal: invalid refspec 'https://github.com/fazbh2/Kashmir.git'
[root@ip-172-31-31-148 git]# git branch -b empty
error: unknown switch `b'
usage: git branch [<options>] [-r | -a] [--merged] [--no-merged]
   or: git branch [<options>] [-f] [--recurse-submodules] <branch-name> [<start-point>]
   or: git branch [<options>] [-l] [<pattern>...]
   or: git branch [<options>] [-r] (-d | -D) <branch-name>...
   or: git branch [<options>] (-m | -M) [<old-branch>] <new-branch>
   or: git branch [<options>] (-c | -C) [<old-branch>] <new-branch>
   or: git branch [<options>] [-r | -a] [--points-at]
   or: git branch [<options>] [-r | -a] [--format]

Generic options
    -v, --verbose         show hash and subject, give twice for upstream branch
    -q, --quiet           suppress informational messages
    -t, --track[=(direct|inherit)]
                          set branch tracking configuration
    -u, --set-upstream-to <upstream>
                          change the upstream info
    --unset-upstream      unset the upstream info
    --color[=<when>]      use colored output
    -r, --remotes         act on remote-tracking branches
    --contains <commit>   print only branches that contain the commit
    --no-contains <commit>
                          print only branches that don't contain the commit
    --abbrev[=<n>]        use <n> digits to display object names

Specific git-branch actions:
    -a, --all             list both remote-tracking and local branches
    -d, --delete          delete fully merged branch
    -D                    delete branch (even if not merged)
    -m, --move            move/rename a branch and its reflog
    -M                    move/rename a branch, even if target exists
    -c, --copy            copy a branch and its reflog
    -C                    copy a branch, even if target exists
    -l, --list            list branch names
    --show-current        show current branch name
    --create-reflog       create the branch's reflog
    --edit-description    edit the description for the branch
    -f, --force           force creation, move/rename, deletion
    --merged <commit>     print only branches that are merged
    --no-merged <commit>  print only branches that are not merged
    --column[=<style>]    list branches in columns
    --sort <key>          field name to sort on
    --points-at <object>  print only branches of the object
    -i, --ignore-case     sorting and filtering are case insensitive
    --recurse-submodules  recurse through submodules
    --format <format>     format to use for the output

[root@ip-172-31-31-148 git]# git branch
* master
[root@ip-172-31-31-148 git]# git branch empty
[root@ip-172-31-31-148 git]# git checkout empty
Switched to branch 'empty'
[root@ip-172-31-31-148 git]# git pull origin master https://github.com/fazbh2/Kashmir.git
fatal: invalid refspec 'https://github.com/fazbh2/Kashmir.git'
[root@ip-172-31-31-148 git]# git pull origin master https://github.com/fazbh2/commclassroomOP.git
fatal: invalid refspec 'https://github.com/fazbh2/commclassroomOP.git'
[root@ip-172-31-31-148 git]# git branch
* empty
  master
[root@ip-172-31-31-148 git]# git clone

git clone 
git push origin master 
git push main master  
git pull https://github.com/fazbh2/edureka-transaction-api.git
ls
git rm 1.txt 2.txt 3.txt 4.txt 5.txt 6.txt 68.txt 
ls
vi README.md 
git merge empty master
git branch pull
git branc
git branch
ls
cd git/
git init
git branch pull
git checkout pull
ls
git checkout master
ls
git checkout pull
ls
git pull origin https://github.com/fazbh2/stsdevops.git
1.txt
touch 1.txt
git add .
git commit -m "pull"
git push origin https://github.com/fazbh2/stsdevops.git
git status
git push origin main
git push origin HEAD:main
git clone https://github.com/fazbh2/stsdevops.git
git push origin main
git push origin HEAD:main
git pull https://github.com/fazbh2/stsdevops.git
 cd
cd git/
touch alpha.txt
touch lambda.txt
git add .
git commit -m "added"
git remote add origin https://github.com/fazbh2/edureka-transaction-api.git 
git remote -v
git push origin master
ls
git remote add origin https://github.com/fazbh2/Case-_Study.git
git remote remove origin
git remote add origin https://github.com/fazbh2/Case-_Study.git
git remote push origin master
git  push origin master
git remote remove origin
git remote add origin https://github.com/fazbh2/example.git
git push -u origin main
git push -u origin master
ls
git status
git init
git push -u origin master
touch 999.txt
git add .
git commit -m "practice"
git push -u origin master
git remote -v
ls
cd
